[themeforest.unitedthemes.com/wpversions/brooklyn/demo42/index.html]
[backblue.gif]
[fade.gif]
[index.html]
[themeforest.unitedthemes.com/wpversions/brooklyn/demo42/wp-content/uploads/2017/06/brooklyn-32.png]
[themeforest.unitedthemes.com/wpversions/brooklyn/demo42/wp-content/uploads/2017/06/brooklyn-57.png]
[themeforest.unitedthemes.com/wpversions/brooklyn/demo42/wp-content/uploads/2017/06/brooklyn-72.png]
[themeforest.unitedthemes.com/wpversions/brooklyn/demo42/wp-content/uploads/2017/06/brooklyn-114.png]
[themeforest.unitedthemes.com/wpversions/brooklyn/demo42/wp-content/uploads/2017/06/brooklyn-144.png]
[themeforest.unitedthemes.com/wpversions/brooklyn/demo42/feed/index.html]
[themeforest.unitedthemes.com/wpversions/brooklyn/demo42/comments/feed/index.html]
[themeforest.unitedthemes.com/wpversions/brooklyn/demo42/wp-includes/js/jquery/jquery4a5f.js]
[themeforest.unitedthemes.com/wpversions/brooklyn/demo42/wp-includes/js/jquery/jquery-migrate.min330a.js]
[themeforest.unitedthemes.com/wpversions/brooklyn/demo42/wp-content/plugins/revslider/public/assets/js/revolution.tools.minf049.js]
[themeforest.unitedthemes.com/wpversions/brooklyn/demo42/wp-content/plugins/revslider/public/assets/js/rs6.minfe13.js]
[themeforest.unitedthemes.com/wpversions/brooklyn/demo42/wp-content/plugins/ut-shortcodes/js/plugins/modernizr/modernizr.min61da.js]
[themeforest.unitedthemes.com/wpversions/brooklyn/demo42/wp-content/themes/brooklyn/js/jquery.queryloader2.min5b0a.js]
[themeforest.unitedthemes.com/wpversions/brooklyn/demo42/wp-content/themes/brooklyn/js/ut-scriptlibrary.min55fe.js]
[themeforest.unitedthemes.com/wpversions/brooklyn/demo42/xmlrpc0db0.php]
[themeforest.unitedthemes.com/wpversions/brooklyn/demo42/wp-json/index.html]
[themeforest.unitedthemes.com/wpversions/brooklyn/demo42/wp-includes/wlwmanifest.xml]
[themeforest.unitedthemes.com/wpversions/brooklyn/demo42/wp-json/oembed/1.0/embed135c.json]
[themeforest.unitedthemes.com/wpversions/brooklyn/demo42/wp-json/oembed/1.0/embed1f81]
[themeforest.unitedthemes.com/wpversions/brooklyn/demo42/wp-content/themes/brooklyn/images/overlay-pattern.png]
[themeforest.unitedthemes.com/wpversions/brooklyn/demo42/wp-content/themes/brooklyn/images/overlay-pattern2.png]
[themeforest.unitedthemes.com/wpversions/brooklyn/demo42/wp-content/themes/brooklyn/images/overlay-pattern3.png]
[themeforest.unitedthemes.com/wpversions/brooklyn/demo42/404]
[themeforest.unitedthemes.com/wpversions/brooklyn/demo42/example-page-1/index.html]
[themeforest.unitedthemes.com/wpversions/brooklyn/demo42/example-page-2/index.html]
[themeforest.unitedthemes.com/wpversions/brooklyn/demo42/example-page-3/index.html]
[themeforest.unitedthemes.com/wpversions/brooklyn/demo42/example-page-4/index.html]
[themeforest.unitedthemes.com/wpversions/brooklyn/demo42/example-page-7/index.html]
[themeforest.unitedthemes.com/wpversions/brooklyn/demo42/page-example-6/index.html]
[themeforest.unitedthemes.com/wpversions/brooklyn/demo42/example-page-5/index.html]
[themeforest.unitedthemes.com/wpversions/brooklyn/demo42/wp-content/plugins/revslider/public/assets/assets/dummy.png]
[themeforest.unitedthemes.com/wpversions/brooklyn/demo42/example-page-8/index.html]
[themeforest.unitedthemes.com/wpversions/brooklyn/demo42/wp-content/plugins/contact-form-7/includes/js/scriptsb62d.js]
[themeforest.unitedthemes.com/wpversions/brooklyn/demo42/example-page-9/index.html]
[themeforest.unitedthemes.com/wpversions/brooklyn/demo42/wp-content/plugins/ut-shortcodes/js/ut.scplugin.min20fd.js]
[themeforest.unitedthemes.com/wpversions/brooklyn/demo42/example-page-10/index.html]
[themeforest.unitedthemes.com/wpversions/brooklyn/demo42/typography-test-page/index.html]
[themeforest.unitedthemes.com/wpversions/brooklyn/demo42/front-page-hero-alternative/index.html]
[themeforest.unitedthemes.com/wpversions/brooklyn/demo42/wp-content/themes/brooklyn/js/anime/anime.min55fe.js]
[themeforest.unitedthemes.com/wpversions/brooklyn/demo42/wp-content/themes/brooklyn/js/morphing/digital.min55fe.js]
[themeforest.unitedthemes.com/wpversions/brooklyn/demo42/hello-brooklyn/index.html]
[themeforest.unitedthemes.com/wpversions/brooklyn/demo42/wp-content/themes/brooklyn/js/ut-init.min55fe.js]
[themeforest.unitedthemes.com/wpversions/brooklyn/demo42/2018/08/index.html]
[themeforest.unitedthemes.com/wpversions/brooklyn/demo42/i-want-music/index.html]
[themeforest.unitedthemes.com/wpversions/brooklyn/demo42/wp-includes/js/wp-embed.min48f5.js]
[themeforest.unitedthemes.com/wpversions/brooklyn/demo42/zara/index.html]
[themeforest.unitedthemes.com/wpversions/brooklyn/demo42/wp-content/plugins/js_composer/assets/js/dist/js_composer_front.min41a3.js]
[themeforest.unitedthemes.com/wpversions/brooklyn/demo42/wp-content/plugins/ut-portfolio/assets/js/jquery.utmasonry.min4a41.js]
[themeforest.unitedthemes.com/wpversions/brooklyn/demo42/wp-content/plugins/ut-portfolio/assets/js/ut.effects.min4a41.js]
[www.google-analytics.com/analytics.js]
[themeforest.unitedthemes.com/wpversions/brooklyn/demo42/index.html]
[themeforest.unitedthemes.com/wpversions/brooklyn/demo42/xmlrpc.php]
[themeforest.unitedthemes.com/wpversions/brooklyn/demo42/wp-content/plugins/contact-form-7/images/ajax-loader.gif]
[themeforest.unitedthemes.com/wpversions/brooklyn/demo42/wp-content/plugins/contact-form-7/includes/css/stylesb62d.css]
[themeforest.unitedthemes.com/wpversions/brooklyn/demo42/wp-content/plugins/revslider/public/assets/fonts/revicons/revicons90c6.eot]
[themeforest.unitedthemes.com/wpversions/brooklyn/demo42/wp-content/plugins/revslider/public/assets/fonts/revicons/revicons90c6.woff]
[themeforest.unitedthemes.com/wpversions/brooklyn/demo42/wp-content/plugins/revslider/public/assets/fonts/revicons/revicons90c6.ttf]
[themeforest.unitedthemes.com/wpversions/brooklyn/demo42/wp-content/plugins/revslider/public/assets/css/openhand.cur]
[themeforest.unitedthemes.com/wpversions/brooklyn/demo42/wp-content/plugins/revslider/public/assets/css/closedhand.cur]
[themeforest.unitedthemes.com/wpversions/brooklyn/demo42/wp-content/plugins/revslider/public/assets/assets/gridtile.png]
[themeforest.unitedthemes.com/wpversions/brooklyn/demo42/wp-content/plugins/revslider/public/assets/assets/gridtile_white.png]
[themeforest.unitedthemes.com/wpversions/brooklyn/demo42/wp-content/plugins/revslider/public/assets/assets/gridtile_3x3.png]
[themeforest.unitedthemes.com/wpversions/brooklyn/demo42/wp-content/plugins/revslider/public/assets/assets/gridtile_3x3_white.png]
[themeforest.unitedthemes.com/wpversions/brooklyn/demo42/wp-content/plugins/revslider/public/assets/assets/coloredbg.png]
[themeforest.unitedthemes.com/wpversions/brooklyn/demo42/wp-content/plugins/revslider/public/assets/assets/loader.gif]
[themeforest.unitedthemes.com/wpversions/brooklyn/demo42/wp-content/plugins/revslider/public/assets/css/rs6fe13.css]
[themeforest.unitedthemes.com/wpversions/brooklyn/demo42/wp-content/themes/brooklyn/css/fonts/raleway-extralight-webfont.eot]
[themeforest.unitedthemes.com/wpversions/brooklyn/demo42/wp-content/themes/brooklyn/css/fonts/raleway-extralight-webfontd41d.eot]
[themeforest.unitedthemes.com/wpversions/brooklyn/demo42/wp-content/themes/brooklyn/css/fonts/raleway-extralight-webfont.woff]
[themeforest.unitedthemes.com/wpversions/brooklyn/demo42/wp-content/themes/brooklyn/css/fonts/raleway-extralight-webfont.ttf]
[themeforest.unitedthemes.com/wpversions/brooklyn/demo42/wp-content/themes/brooklyn/css/fonts/raleway-light-webfont.eot]
[themeforest.unitedthemes.com/wpversions/brooklyn/demo42/wp-content/themes/brooklyn/css/fonts/raleway-light-webfontd41d.eot]
[themeforest.unitedthemes.com/wpversions/brooklyn/demo42/wp-content/themes/brooklyn/css/fonts/raleway-light-webfont.woff]
[themeforest.unitedthemes.com/wpversions/brooklyn/demo42/wp-content/themes/brooklyn/css/fonts/raleway-light-webfont.ttf]
[themeforest.unitedthemes.com/wpversions/brooklyn/demo42/wp-content/themes/brooklyn/css/fonts/raleway-regular-webfont.eot]
[themeforest.unitedthemes.com/wpversions/brooklyn/demo42/wp-content/themes/brooklyn/css/fonts/raleway-regular-webfontd41d.eot]
[themeforest.unitedthemes.com/wpversions/brooklyn/demo42/wp-content/themes/brooklyn/css/fonts/raleway-regular-webfont.woff]
[themeforest.unitedthemes.com/wpversions/brooklyn/demo42/wp-content/themes/brooklyn/css/fonts/raleway-regular-webfont.ttf]
[themeforest.unitedthemes.com/wpversions/brooklyn/demo42/wp-content/themes/brooklyn/css/fonts/raleway-medium-webfont.eot]
[themeforest.unitedthemes.com/wpversions/brooklyn/demo42/wp-content/themes/brooklyn/css/fonts/raleway-medium-webfontd41d.eot]
[themeforest.unitedthemes.com/wpversions/brooklyn/demo42/wp-content/themes/brooklyn/css/fonts/raleway-medium-webfont.woff]
[themeforest.unitedthemes.com/wpversions/brooklyn/demo42/wp-content/themes/brooklyn/css/fonts/raleway-medium-webfont.ttf]
[themeforest.unitedthemes.com/wpversions/brooklyn/demo42/wp-content/themes/brooklyn/css/fonts/raleway-semibold-webfont.eot]
[themeforest.unitedthemes.com/wpversions/brooklyn/demo42/wp-content/themes/brooklyn/css/fonts/raleway-semibold-webfontd41d.eot]
[themeforest.unitedthemes.com/wpversions/brooklyn/demo42/wp-content/themes/brooklyn/css/fonts/raleway-semibold-webfont.woff]
[themeforest.unitedthemes.com/wpversions/brooklyn/demo42/wp-content/themes/brooklyn/css/fonts/raleway-semibold-webfont.ttf]
[themeforest.unitedthemes.com/wpversions/brooklyn/demo42/wp-content/themes/brooklyn/css/fonts/raleway-bold-webfont.eot]
[themeforest.unitedthemes.com/wpversions/brooklyn/demo42/wp-content/themes/brooklyn/css/fonts/raleway-bold-webfontd41d.eot]
[themeforest.unitedthemes.com/wpversions/brooklyn/demo42/wp-content/themes/brooklyn/css/fonts/raleway-bold-webfont.woff]
[themeforest.unitedthemes.com/wpversions/brooklyn/demo42/wp-content/themes/brooklyn/css/fonts/raleway-bold-webfont.ttf]
[themeforest.unitedthemes.com/wpversions/brooklyn/demo42/wp-content/themes/brooklyn/css/fonts/icon54com17e1.eot]
[themeforest.unitedthemes.com/wpversions/brooklyn/demo42/wp-content/themes/brooklyn/css/fonts/icon54com17e1.ttf]
[themeforest.unitedthemes.com/wpversions/brooklyn/demo42/wp-content/themes/brooklyn/css/fonts/icon54com17e1.woff]
[themeforest.unitedthemes.com/wpversions/brooklyn/demo42/wp-content/themes/brooklyn/css/fonts/Brooklyn-Core12a3.ttf]
[themeforest.unitedthemes.com/wpversions/brooklyn/demo42/wp-content/themes/brooklyn/css/fonts/Brooklyn-Core12a3.woff]
[themeforest.unitedthemes.com/wpversions/brooklyn/demo42/wp-content/themes/brooklyn/css/fonts/Brooklyn-WooCommerce6f8e.ttf]
[themeforest.unitedthemes.com/wpversions/brooklyn/demo42/wp-content/themes/brooklyn/css/fonts/Brooklyn-WooCommerce6f8e.woff]
[themeforest.unitedthemes.com/wpversions/brooklyn/demo42/wp-content/themes/brooklyn/css/fontawesome/fontawesome-webfont3e6e.eot]
[themeforest.unitedthemes.com/wpversions/brooklyn/demo42/wp-content/themes/brooklyn/css/fontawesome/fontawesome-webfontd41d.eot]
[themeforest.unitedthemes.com/wpversions/brooklyn/demo42/wp-content/themes/brooklyn/css/fontawesome/fontawesome-webfont3e6e.woff2]
[themeforest.unitedthemes.com/wpversions/brooklyn/demo42/wp-content/themes/brooklyn/css/fontawesome/fontawesome-webfont3e6e.woff]
[themeforest.unitedthemes.com/wpversions/brooklyn/demo42/wp-content/themes/brooklyn/css/fontawesome/fontawesome-webfont3e6e.ttf]
[themeforest.unitedthemes.com/wpversions/brooklyn/demo42/wp-content/themes/brooklyn/css/ut.core.fonts.min48f5.css]
[themeforest.unitedthemes.com/wpversions/brooklyn/demo42/wp-content/themes/brooklyn/images/ut-misc-bg.jpg]
[themeforest.unitedthemes.com/wpversions/brooklyn/demo42/wp-content/themes/brooklyn/css/ut.core.plugins.min48f5.css]
[themeforest.unitedthemes.com/wpversions/brooklyn/demo42/wp-content/plugins/js_composer/assets/vc/alert.png]
[themeforest.unitedthemes.com/wpversions/brooklyn/demo42/wp-content/plugins/js_composer/assets/vc/info.png]
[themeforest.unitedthemes.com/wpversions/brooklyn/demo42/wp-content/plugins/js_composer/assets/vc/tick.png]
[themeforest.unitedthemes.com/wpversions/brooklyn/demo42/wp-content/plugins/js_composer/assets/vc/exclamation.png]
[themeforest.unitedthemes.com/wpversions/brooklyn/demo42/wp-content/plugins/js_composer/assets/images/icons/address-book.png]
[themeforest.unitedthemes.com/wpversions/brooklyn/demo42/wp-content/plugins/js_composer/assets/images/icons/alarm-clock.png]
[themeforest.unitedthemes.com/wpversions/brooklyn/demo42/wp-content/plugins/js_composer/assets/images/icons/anchor.png]
[themeforest.unitedthemes.com/wpversions/brooklyn/demo42/wp-content/plugins/js_composer/assets/images/icons/application-image.png]
[themeforest.unitedthemes.com/wpversions/brooklyn/demo42/wp-content/plugins/js_composer/assets/images/icons/arrow.png]
[themeforest.unitedthemes.com/wpversions/brooklyn/demo42/wp-content/plugins/js_composer/assets/images/icons/asterisk.png]
[themeforest.unitedthemes.com/wpversions/brooklyn/demo42/wp-content/plugins/js_composer/assets/images/icons/auction-hammer.png]
[themeforest.unitedthemes.com/wpversions/brooklyn/demo42/wp-content/plugins/js_composer/assets/images/icons/balloon.png]
[themeforest.unitedthemes.com/wpversions/brooklyn/demo42/wp-content/plugins/js_composer/assets/images/icons/balloon-buzz.png]
[themeforest.unitedthemes.com/wpversions/brooklyn/demo42/wp-content/plugins/js_composer/assets/images/icons/balloon-facebook.png]
[themeforest.unitedthemes.com/wpversions/brooklyn/demo42/wp-content/plugins/js_composer/assets/images/icons/balloon-twitter.png]
[themeforest.unitedthemes.com/wpversions/brooklyn/demo42/wp-content/plugins/js_composer/assets/images/icons/battery-full.png]
[themeforest.unitedthemes.com/wpversions/brooklyn/demo42/wp-content/plugins/js_composer/assets/images/icons/binocular.png]
[themeforest.unitedthemes.com/wpversions/brooklyn/demo42/wp-content/plugins/js_composer/assets/images/icons/blue-document-excel.png]
[themeforest.unitedthemes.com/wpversions/brooklyn/demo42/wp-content/plugins/js_composer/assets/images/icons/blue-document-image.png]
[themeforest.unitedthemes.com/wpversions/brooklyn/demo42/wp-content/plugins/js_composer/assets/images/icons/blue-document-music.png]
[themeforest.unitedthemes.com/wpversions/brooklyn/demo42/wp-content/plugins/js_composer/assets/images/icons/blue-document-office.png]
[themeforest.unitedthemes.com/wpversions/brooklyn/demo42/wp-content/plugins/js_composer/assets/images/icons/blue-document-pdf.png]
[themeforest.unitedthemes.com/wpversions/brooklyn/demo42/wp-content/plugins/js_composer/assets/images/icons/blue-document-powerpoint.png]
[themeforest.unitedthemes.com/wpversions/brooklyn/demo42/wp-content/plugins/js_composer/assets/images/icons/blue-document-word.png]
[themeforest.unitedthemes.com/wpversions/brooklyn/demo42/wp-content/plugins/js_composer/assets/images/icons/bookmark.png]
[themeforest.unitedthemes.com/wpversions/brooklyn/demo42/wp-content/plugins/js_composer/assets/images/icons/camcorder.png]
[themeforest.unitedthemes.com/wpversions/brooklyn/demo42/wp-content/plugins/js_composer/assets/images/icons/camera.png]
[themeforest.unitedthemes.com/wpversions/brooklyn/demo42/wp-content/plugins/js_composer/assets/images/icons/chart.png]
[themeforest.unitedthemes.com/wpversions/brooklyn/demo42/wp-content/plugins/js_composer/assets/images/icons/chart-pie.png]
[themeforest.unitedthemes.com/wpversions/brooklyn/demo42/wp-content/plugins/js_composer/assets/images/icons/clock.png]
[themeforest.unitedthemes.com/wpversions/brooklyn/demo42/wp-content/plugins/js_composer/assets/images/icons/control.png]
[themeforest.unitedthemes.com/wpversions/brooklyn/demo42/wp-content/plugins/js_composer/assets/images/icons/fire.png]
[themeforest.unitedthemes.com/wpversions/brooklyn/demo42/wp-content/plugins/js_composer/assets/images/icons/heart.png]
[themeforest.unitedthemes.com/wpversions/brooklyn/demo42/wp-content/plugins/js_composer/assets/images/icons/mail.png]
[themeforest.unitedthemes.com/wpversions/brooklyn/demo42/wp-content/plugins/js_composer/assets/images/icons/plus-shield.png]
[themeforest.unitedthemes.com/wpversions/brooklyn/demo42/wp-content/plugins/js_composer/assets/images/icons/video.png]
[themeforest.unitedthemes.com/wpversions/brooklyn/demo42/wp-content/plugins/js_composer/assets/fonts/vc_icons_v2/fonts/vcpb-plugin-iconsb82a.eot]
[themeforest.unitedthemes.com/wpversions/brooklyn/demo42/wp-content/plugins/js_composer/assets/fonts/vc_icons_v2/fonts/vcpb-plugin-iconsb82a.ttf]
[themeforest.unitedthemes.com/wpversions/brooklyn/demo42/wp-content/plugins/js_composer/assets/fonts/vc_icons_v2/fonts/vcpb-plugin-iconsb82a.woff]
[themeforest.unitedthemes.com/wpversions/brooklyn/demo42/wp-content/plugins/js_composer/assets/images/toggle_open.png]
[themeforest.unitedthemes.com/wpversions/brooklyn/demo42/wp-content/plugins/js_composer/assets/images/toggle_close.png]
[themeforest.unitedthemes.com/wpversions/brooklyn/demo42/wp-content/plugins/js_composer/assets/images/flickr.png]
[themeforest.unitedthemes.com/wpversions/brooklyn/demo42/wp-content/plugins/js_composer/assets/fonts/vc_grid/vc_grid_v157a1.eot]
[themeforest.unitedthemes.com/wpversions/brooklyn/demo42/wp-content/plugins/js_composer/assets/fonts/vc_grid/vc_grid_v1d41d.eot]
[themeforest.unitedthemes.com/wpversions/brooklyn/demo42/wp-content/plugins/js_composer/assets/fonts/vc_grid/vc_grid_v157a1.woff]
[themeforest.unitedthemes.com/wpversions/brooklyn/demo42/wp-content/plugins/js_composer/assets/fonts/vc_grid/vc_grid_v157a1.ttf]
[themeforest.unitedthemes.com/wpversions/brooklyn/demo42/wp-content/plugins/js_composer/assets/images/spinner.gif]
[themeforest.unitedthemes.com/wpversions/brooklyn/demo42/wp-content/plugins/js_composer/assets/vc/remove.png]
[themeforest.unitedthemes.com/wpversions/brooklyn/demo42/wp-content/plugins/js_composer/assets/css/js_composer.min41a3.css]
[themeforest.unitedthemes.com/wpversions/brooklyn/demo42/wp-content/themes/brooklyn/css/ut.shortcode.min48f5.css]
[themeforest.unitedthemes.com/wpversions/brooklyn/demo42/wp-content/themes/brooklyn/images/divider/divider1.png]
[themeforest.unitedthemes.com/wpversions/brooklyn/demo42/wp-content/themes/brooklyn/images/divider/divider2.png]
[themeforest.unitedthemes.com/wpversions/brooklyn/demo42/wp-content/themes/brooklyn/images/divider/divider3.png]
[themeforest.unitedthemes.com/wpversions/brooklyn/demo42/wp-content/themes/brooklyn/images/divider/divider4.png]
[themeforest.unitedthemes.com/wpversions/brooklyn/demo42/wp-content/themes/brooklyn/images/divider/divider5.png]
[themeforest.unitedthemes.com/wpversions/brooklyn/demo42/wp-content/themes/brooklyn/images/divider/divider6.png]
[themeforest.unitedthemes.com/wpversions/brooklyn/demo42/wp-content/themes/brooklyn/images/divider/divider7.png]
[themeforest.unitedthemes.com/wpversions/brooklyn/demo42/wp-content/themes/brooklyn/images/divider/divider8.png]
[themeforest.unitedthemes.com/wpversions/brooklyn/demo42/wp-content/themes/brooklyn/images/divider/divider9.png]
[themeforest.unitedthemes.com/wpversions/brooklyn/demo42/wp-content/themes/brooklyn/images/divider/divider10.png]
[themeforest.unitedthemes.com/wpversions/brooklyn/demo42/wp-content/themes/brooklyn/images/divider/divider11.png]
[themeforest.unitedthemes.com/wpversions/brooklyn/demo42/wp-content/themes/brooklyn/images/divider/divider12.png]
[themeforest.unitedthemes.com/wpversions/brooklyn/demo42/wp-content/themes/brooklyn/images/divider/divider13.png]
[themeforest.unitedthemes.com/wpversions/brooklyn/demo42/wp-content/themes/brooklyn/images/divider/divider14.png]
[themeforest.unitedthemes.com/wpversions/brooklyn/demo42/wp-content/themes/brooklyn/images/divider/divider15.png]
[themeforest.unitedthemes.com/wpversions/brooklyn/demo42/wp-content/themes/brooklyn/images/divider/divider16.png]
[themeforest.unitedthemes.com/wpversions/brooklyn/demo42/wp-content/themes/brooklyn/images/divider/divider17.png]
[themeforest.unitedthemes.com/wpversions/brooklyn/demo42/wp-content/themes/brooklyn/images/divider/divider18.png]
[themeforest.unitedthemes.com/wpversions/brooklyn/demo42/wp-content/themes/brooklyn/images/divider/divider19.png]
[themeforest.unitedthemes.com/wpversions/brooklyn/demo42/wp-content/themes/brooklyn/images/divider/divider20.png]
[themeforest.unitedthemes.com/wpversions/brooklyn/demo42/wp-content/themes/brooklyn/css/ut.vc.shortcodes.min48f5.css]
[themeforest.unitedthemes.com/wpversions/brooklyn/demo42/wp-content/themes/brooklyn/images/divider.png]
[themeforest.unitedthemes.com/wpversions/brooklyn/demo42/wp-content/themes/brooklyn/images/pad_white.png]
[themeforest.unitedthemes.com/wpversions/brooklyn/demo42/wp-content/themes/brooklyn/images/pad_black.png]
[themeforest.unitedthemes.com/wpversions/brooklyn/demo42/wp-content/themes/brooklyn/images/loaders/ajax-loader.gif]
[themeforest.unitedthemes.com/wpversions/brooklyn/demo42/wp-content/themes/brooklyn/style55fe.css]
[themeforest.unitedthemes.com/wpversions/brooklyn/demo42/wp-content/themes/brooklyn/css/ut.theme.min55fe.css]
[themeforest.unitedthemes.com/wpversions/brooklyn/demo42/wp-content/themes/brooklyn/images/circuit-board-pattern.svg]
[themeforest.unitedthemes.com/wpversions/brooklyn/demo42/wp-json/oembed/1.0/embed538c.json]
[themeforest.unitedthemes.com/wpversions/brooklyn/demo42/wp-json/oembed/1.0/embede29a]
[themeforest.unitedthemes.com/wpversions/brooklyn/demo42/wp-content/uploads/2018/12/beyerdynamic-4fffe.jpg]
[themeforest.unitedthemes.com/wpversions/brooklyn/demo42/wp-content/uploads/2018/12/beyerdynamic-2-720x720.jpg]
[themeforest.unitedthemes.com/wpversions/brooklyn/demo42/wp-content/uploads/2018/12/beyerdynamic-3-720x720.jpg]
[themeforest.unitedthemes.com/wpversions/brooklyn/demo42/wp-content/uploads/2018/12/beyerdynamic-6-1280x663.jpg]
[themeforest.unitedthemes.com/wpversions/brooklyn/demo42/wp-content/uploads/2018/12/beyerdynamic-7-1280x664.jpg]
[themeforest.unitedthemes.com/wpversions/brooklyn/demo42/wp-content/uploads/2018/12/beyerdynamic-8-1280x664.jpg]
[themeforest.unitedthemes.com/wpversions/brooklyn/demo42/wp-content/uploads/2018/12/beyerdynamic-9-1280x664.jpg]
[themeforest.unitedthemes.com/wpversions/brooklyn/demo42/example-page-1/index.html]
[themeforest.unitedthemes.com/wpversions/brooklyn/demo42/wp-json/oembed/1.0/embed5706.json]
[themeforest.unitedthemes.com/wpversions/brooklyn/demo42/wp-json/oembed/1.0/embed163a]
[themeforest.unitedthemes.com/wpversions/brooklyn/demo42/wp-content/uploads/2018/12/beyerdynamic-7cfed.jpg]
[themeforest.unitedthemes.com/wpversions/brooklyn/demo42/wp-content/uploads/2018/12/beyerdynamic-1-720x720.jpg]
[themeforest.unitedthemes.com/wpversions/brooklyn/demo42/example-page-2/index.html]
[themeforest.unitedthemes.com/wpversions/brooklyn/demo42/wp-json/oembed/1.0/embedb771.json]
[themeforest.unitedthemes.com/wpversions/brooklyn/demo42/wp-json/oembed/1.0/embedf50d]
[themeforest.unitedthemes.com/wpversions/brooklyn/demo42/wp-content/uploads/2018/12/beyerdynamic-9.jpg]
[themeforest.unitedthemes.com/wpversions/brooklyn/demo42/wp-content/uploads/2018/12/beyerdynamic-8.jpg]
[themeforest.unitedthemes.com/wpversions/brooklyn/demo42/wp-content/uploads/2018/12/beyerdynamic-7.jpg]
[themeforest.unitedthemes.com/wpversions/brooklyn/demo42/wp-content/uploads/2018/12/beyerdynamic-6.jpg]
[themeforest.unitedthemes.com/wpversions/brooklyn/demo42/example-page-3/index.html]
[themeforest.unitedthemes.com/wpversions/brooklyn/demo42/wp-content/uploads/2018/12/beyerdynamic-5.jpg]
[themeforest.unitedthemes.com/wpversions/brooklyn/demo42/wp-json/oembed/1.0/embed93c0.json]
[themeforest.unitedthemes.com/wpversions/brooklyn/demo42/wp-json/oembed/1.0/embed741b]
[themeforest.unitedthemes.com/wpversions/brooklyn/demo42/example-page-4/index.html]
[themeforest.unitedthemes.com/wpversions/brooklyn/demo42/wp-json/oembed/1.0/embeda62d.json]
[themeforest.unitedthemes.com/wpversions/brooklyn/demo42/wp-json/oembed/1.0/embed3437]
[themeforest.unitedthemes.com/wpversions/brooklyn/demo42/example-page-5/index.html]
[themeforest.unitedthemes.com/wpversions/brooklyn/demo42/wp-json/oembed/1.0/embed1dd6.json]
[themeforest.unitedthemes.com/wpversions/brooklyn/demo42/wp-json/oembed/1.0/embed95df]
[themeforest.unitedthemes.com/wpversions/brooklyn/demo42/page-example-6/index.html]
[themeforest.unitedthemes.com/wpversions/brooklyn/demo42/wp-content/uploads/2017/06/404.jpg]
[themeforest.unitedthemes.com/wpversions/brooklyn/demo42/wp-json/oembed/1.0/embedb6ae.json]
[themeforest.unitedthemes.com/wpversions/brooklyn/demo42/wp-json/oembed/1.0/embedf091]
[themeforest.unitedthemes.com/wpversions/brooklyn/demo42/wp-content/uploads/2017/06/404-1080x720.jpg]
[themeforest.unitedthemes.com/wpversions/brooklyn/demo42/wp-content/uploads/2017/06/bike-2-1080x720.jpg]
[themeforest.unitedthemes.com/wpversions/brooklyn/demo42/wp-content/uploads/2017/06/bike-3-1080x720.jpg]
[themeforest.unitedthemes.com/wpversions/brooklyn/demo42/example-page-7/index.html]
[themeforest.unitedthemes.com/wpversions/brooklyn/demo42/wp-content/uploads/2018/12/lambo42sw.jpg]
[themeforest.unitedthemes.com/wpversions/brooklyn/demo42/wp-json/oembed/1.0/embedf10a.json]
[themeforest.unitedthemes.com/wpversions/brooklyn/demo42/wp-json/oembed/1.0/embed7561]
[themeforest.unitedthemes.com/wpversions/brooklyn/demo42/example-page-8/index.html]
[themeforest.unitedthemes.com/wpversions/brooklyn/demo42/wp-content/uploads/2018/12/lambo42.jpg]
[themeforest.unitedthemes.com/wpversions/brooklyn/demo42/wp-json/oembed/1.0/embed6446.json]
[themeforest.unitedthemes.com/wpversions/brooklyn/demo42/wp-json/oembed/1.0/embed2af9]
[themeforest.unitedthemes.com/wpversions/brooklyn/demo42/example-page-9/index.html]
[themeforest.unitedthemes.com/wpversions/brooklyn/demo42/wp-json/oembed/1.0/embedd101.json]
[themeforest.unitedthemes.com/wpversions/brooklyn/demo42/wp-json/oembed/1.0/embed70c1]
[themeforest.unitedthemes.com/wpversions/brooklyn/demo42/example-page-10/index.html]
[themeforest.unitedthemes.com/wpversions/brooklyn/demo42/wp-content/uploads/2018/05/hero-1.jpg]
[themeforest.unitedthemes.com/wpversions/brooklyn/demo42/wp-json/oembed/1.0/embed6175.json]
[themeforest.unitedthemes.com/wpversions/brooklyn/demo42/wp-json/oembed/1.0/embedf305]
[themeforest.unitedthemes.com/wpversions/brooklyn/demo42/front-page-hero-alternative/index.html]
[themeforest.unitedthemes.com/wpversions/brooklyn/demo42/wp-content/uploads/2017/06/p4.jpg]
[themeforest.unitedthemes.com/wpversions/brooklyn/demo42/wp-json/oembed/1.0/embed0e22.json]
[themeforest.unitedthemes.com/wpversions/brooklyn/demo42/wp-json/oembed/1.0/embed2a70]
[themeforest.unitedthemes.com/wpversions/brooklyn/demo42/wp-content/uploads/2017/06/p4-1620x1080.jpg]
[themeforest.unitedthemes.com/wpversions/brooklyn/demo42/typography-test-page/index.html]
[themeforest.unitedthemes.com/wpversions/brooklyn/demo42/404.html]
[themeforest.unitedthemes.com/wpversions/brooklyn/demo42/wp-content/uploads/2017/06/p3-650x366.jpg]
[themeforest.unitedthemes.com/wpversions/brooklyn/demo42/wp-json/oembed/1.0/embed5aa8.json]
[themeforest.unitedthemes.com/wpversions/brooklyn/demo42/hello-brooklyn/feed/index.html]
[themeforest.unitedthemes.com/wpversions/brooklyn/demo42/wp-json/oembed/1.0/embedc7aa]
[themeforest.unitedthemes.com/wpversions/brooklyn/demo42/wp-content/uploads/2017/06/p3-1620x1080.jpg]
[themeforest.unitedthemes.com/wpversions/brooklyn/demo42/wp-includes/js/comment-reply.min48f5.js]
[themeforest.unitedthemes.com/wpversions/brooklyn/demo42/hello-brooklyn/index.html]
[themeforest.unitedthemes.com/wpversions/brooklyn/demo42/2018/08/index.html]
[themeforest.unitedthemes.com/wpversions/brooklyn/demo42/wp-content/uploads/2018/08/music-650x366.jpg]
[themeforest.unitedthemes.com/wpversions/brooklyn/demo42/category/brooklyn/index.html]
[themeforest.unitedthemes.com/wpversions/brooklyn/demo42/author/admin/index.html]
[themeforest.unitedthemes.com/wpversions/brooklyn/demo42/tag/brooklyn/index.html]
[themeforest.unitedthemes.com/wpversions/brooklyn/demo42/wp-json/oembed/1.0/embedb14e.json]
[themeforest.unitedthemes.com/wpversions/brooklyn/demo42/tag/love/index.html]
[themeforest.unitedthemes.com/wpversions/brooklyn/demo42/tag/video/index.html]
[themeforest.unitedthemes.com/wpversions/brooklyn/demo42/i-want-music/feed/index.html]
[themeforest.unitedthemes.com/wpversions/brooklyn/demo42/wp-json/oembed/1.0/embedf015]
[themeforest.unitedthemes.com/wpversions/brooklyn/demo42/wp-content/uploads/2018/08/music-1620x1080.jpg]
[themeforest.unitedthemes.com/wpversions/brooklyn/demo42/wp-content/uploads/2018/09/Eddy-Need-Remixe6f8.mp3]
[themeforest.unitedthemes.com/wpversions/brooklyn/demo42/wp-content/uploads/2018/09/Eddy-Need-Remix.mp3]
[themeforest.unitedthemes.com/wpversions/brooklyn/demo42/tag/audio/index.html]
[themeforest.unitedthemes.com/wpversions/brooklyn/demo42/wp-includes/js/mediaelement/mediaelement-and-player.minc270.js]
[themeforest.unitedthemes.com/wpversions/brooklyn/demo42/tag/music/index.html]
[themeforest.unitedthemes.com/wpversions/brooklyn/demo42/wp-includes/js/mediaelement/mediaelement-migrate.min48f5.js]
[themeforest.unitedthemes.com/wpversions/brooklyn/demo42/wp-includes/js/mediaelement/wp-mediaelement.min48f5.js]
[themeforest.unitedthemes.com/wpversions/brooklyn/demo42/i-want-music/index.html]
[themeforest.unitedthemes.com/wpversions/brooklyn/demo42/wp-content/uploads/2017/06/p4-650x366.jpg]
[themeforest.unitedthemes.com/wpversions/brooklyn/demo42/wp-json/oembed/1.0/embed72ad.json]
[themeforest.unitedthemes.com/wpversions/brooklyn/demo42/zara/feed/index.html]
[themeforest.unitedthemes.com/wpversions/brooklyn/demo42/wp-json/oembed/1.0/embed0218]
[themeforest.unitedthemes.com/wpversions/brooklyn/demo42/zara/index.html]
[themeforest.unitedthemes.com/wpversions/brooklyn/demo42/tag/german/index.html]
[themeforest.unitedthemes.com/wpversions/brooklyn/demo42/tag/car/index.html]
[themeforest.unitedthemes.com/wpversions/brooklyn/demo42/tag/porsche/index.html]
[themeforest.unitedthemes.com/wpversions/brooklyn/demo42/wp-content/plugins/revslider/public/assets/fonts/revicons/revicons90c6.svg]
[themeforest.unitedthemes.com/wpversions/brooklyn/demo42/wp-content/themes/brooklyn/css/fonts/raleway-extralight-webfont.svg]
[themeforest.unitedthemes.com/wpversions/brooklyn/demo42/wp-content/themes/brooklyn/css/fonts/raleway-light-webfont.svg]
[themeforest.unitedthemes.com/wpversions/brooklyn/demo42/wp-content/themes/brooklyn/css/fonts/raleway-regular-webfont.svg]
[themeforest.unitedthemes.com/wpversions/brooklyn/demo42/wp-content/themes/brooklyn/css/fonts/raleway-medium-webfont.svg]
[themeforest.unitedthemes.com/wpversions/brooklyn/demo42/wp-content/themes/brooklyn/css/fonts/raleway-semibold-webfont.svg]
[themeforest.unitedthemes.com/wpversions/brooklyn/demo42/wp-content/themes/brooklyn/css/fonts/raleway-bold-webfont.svg]
[themeforest.unitedthemes.com/wpversions/brooklyn/demo42/wp-content/themes/brooklyn/css/fonts/icon54com17e1.svg]
[themeforest.unitedthemes.com/wpversions/brooklyn/demo42/wp-content/themes/brooklyn/css/fonts/Brooklyn-Core12a3.svg]
[themeforest.unitedthemes.com/wpversions/brooklyn/demo42/wp-content/themes/brooklyn/css/fonts/Brooklyn-WooCommerce6f8e.svg]
[themeforest.unitedthemes.com/wpversions/brooklyn/demo42/wp-content/themes/brooklyn/css/fontawesome/fontawesome-webfont3e6e.svg]
[themeforest.unitedthemes.com/wpversions/brooklyn/demo42/wp-content/plugins/js_composer/assets/fonts/vc_icons_v2/fonts/vcpb-plugin-iconsb82a.svg]
[themeforest.unitedthemes.com/wpversions/brooklyn/demo42/wp-content/plugins/js_composer/assets/vc/blur.svg]
[themeforest.unitedthemes.com/wpversions/brooklyn/demo42/wp-content/plugins/js_composer/assets/fonts/vc_grid/vc_grid_v157a1.svg]
[themeforest.unitedthemes.com/wpversions/brooklyn/demo42/wp-content/themes/brooklyn/images/mediaelement/mejs-controls.svg]
[themeforest.unitedthemes.com/wpversions/brooklyn/demo42/index0a82.html]
[themeforest.unitedthemes.com/wpversions/brooklyn/demo42/indexa317.html]
[themeforest.unitedthemes.com/wpversions/brooklyn/demo42/index7681.html]
[themeforest.unitedthemes.com/wpversions/brooklyn/demo42/index6dbe.html]
[themeforest.unitedthemes.com/wpversions/brooklyn/demo42/indexe7ac.html]
[themeforest.unitedthemes.com/wpversions/brooklyn/demo42/indexb3e2.html]
[themeforest.unitedthemes.com/wpversions/brooklyn/demo42/index456c.html]
[themeforest.unitedthemes.com/wpversions/brooklyn/demo42/index4dbd.html]
[themeforest.unitedthemes.com/wpversions/brooklyn/demo42/indexc494.html]
[themeforest.unitedthemes.com/wpversions/brooklyn/demo42/indexa7f7.html]
[themeforest.unitedthemes.com/wpversions/brooklyn/demo42/index0edf.html]
[themeforest.unitedthemes.com/wpversions/brooklyn/demo42/index7414.html]
[themeforest.unitedthemes.com/wpversions/brooklyn/demo42/indexe2aa.html]
[themeforest.unitedthemes.com/wpversions/brooklyn/demo42/category/brooklyn/index.html]
[themeforest.unitedthemes.com/wpversions/brooklyn/demo42/author/admin/index.html]
[themeforest.unitedthemes.com/wpversions/brooklyn/demo42/tag/brooklyn/index.html]
[themeforest.unitedthemes.com/wpversions/brooklyn/demo42/zara/index6809.html]
[themeforest.unitedthemes.com/wpversions/brooklyn/demo42/tag/love/index.html]
[themeforest.unitedthemes.com/wpversions/brooklyn/demo42/category/brooklyn/feed/index.html]
[themeforest.unitedthemes.com/wpversions/brooklyn/demo42/author/admin/feed/index.html]
[themeforest.unitedthemes.com/wpversions/brooklyn/demo42/tag/brooklyn/feed/index.html]
[themeforest.unitedthemes.com/wpversions/brooklyn/demo42/tag/love/feed/index.html]
[themeforest.unitedthemes.com/wpversions/brooklyn/demo42/tag/video/index.html]
[themeforest.unitedthemes.com/wpversions/brooklyn/demo42/index65a9.html]
[themeforest.unitedthemes.com/wpversions/brooklyn/demo42/tag/audio/index.html]
[themeforest.unitedthemes.com/wpversions/brooklyn/demo42/tag/music/index.html]
[themeforest.unitedthemes.com/wpversions/brooklyn/demo42/tag/video/feed/index.html]
[themeforest.unitedthemes.com/wpversions/brooklyn/demo42/tag/audio/feed/index.html]
[themeforest.unitedthemes.com/wpversions/brooklyn/demo42/tag/music/feed/index.html]
[themeforest.unitedthemes.com/wpversions/brooklyn/demo42/wp-includes/js/mediaelement/mediaelementplayer-legacy.minc270.css]
[themeforest.unitedthemes.com/wpversions/brooklyn/demo42/wp-includes/js/mediaelement/wp-mediaelement.min48f5.css]
[themeforest.unitedthemes.com/wpversions/brooklyn/demo42/indexcff1.html]
[themeforest.unitedthemes.com/wpversions/brooklyn/demo42/tag/car/index.html]
[themeforest.unitedthemes.com/wpversions/brooklyn/demo42/tag/german/index.html]
[themeforest.unitedthemes.com/wpversions/brooklyn/demo42/tag/porsche/index.html]
[themeforest.unitedthemes.com/wpversions/brooklyn/demo42/zara/index6809.html]
[themeforest.unitedthemes.com/wpversions/brooklyn/demo42/wp-includes/js/mediaelement/mejs-controls.svg]
[themeforest.unitedthemes.com/wpversions/brooklyn/demo42/tag/car/feed/index.html]
[themeforest.unitedthemes.com/wpversions/brooklyn/demo42/tag/german/feed/index.html]
[themeforest.unitedthemes.com/wpversions/brooklyn/demo42/tag/porsche/feed/index.html]
